components/MeuPlanoView.tsx(5,8): error TS2613: Module '"C:/Users/Vinicius/Downloads/copy-of-secureguard---gest\u00E3o-de-ocorr\u00EAncias/components/MyMaterialLoans"' has no default export. Did you mean to use 'import { MyMaterialLoans } from "C:/Users/Vinicius/Downloads/copy-of-secureguard---gest\u00E3o-de-ocorr\u00EAncias/components/MyMaterialLoans"' instead?
components/UserProfile.tsx(5,8): error TS2613: Module '"C:/Users/Vinicius/Downloads/copy-of-secureguard---gest\u00E3o-de-ocorr\u00EAncias/components/MyMaterialLoans"' has no default export. Did you mean to use 'import { MyMaterialLoans } from "C:/Users/Vinicius/Downloads/copy-of-secureguard---gest\u00E3o-de-ocorr\u00EAncias/components/MyMaterialLoans"' instead?
